[iqonic.design/themes/profyl/pre-built/doctor/services.html]
[backblue.gif]
[fade.gif]
[index.html]
[iqonic.design/themes/profyl/pre-built/doctor/images/favicon.ico]
[iqonic.design/themes/profyl/pre-built/doctor/css/bootstrap.min.css]
[iqonic.design/themes/profyl/pre-built/doctor/css/themify-icons.css]
[iqonic.design/themes/profyl/pre-built/doctor/css/font-awesome.min.css]
[iqonic.design/themes/profyl/pre-built/doctor/css/magnific-popup/magnific-popup.css]
[iqonic.design/themes/profyl/pre-built/doctor/css/owl-carousel/owl.carousel.css]
[iqonic.design/themes/profyl/pre-built/doctor/css/style.css]
[iqonic.design/themes/profyl/pre-built/doctor/css/responsive.css]
[iqonic.design/themes/profyl/pre-built/doctor/index.html]
[iqonic.design/themes/profyl/pre-built/doctor/images/logo.png]
[iqonic.design/themes/profyl/pre-built/doctor/about-us.html]
[iqonic.design/themes/profyl/pre-built/doctor/resume.html]
[iqonic.design/themes/profyl/pre-built/doctor/portfolio.html]
[iqonic.design/themes/profyl/pre-built/doctor/blog.html]
[iqonic.design/themes/profyl/pre-built/doctor/contact-us.html]
[iqonic.design/themes/profyl/pre-built/doctor/images/01.png]
[iqonic.design/themes/profyl/pre-built/doctor/images/service/01.png]
[iqonic.design/themes/profyl/pre-built/doctor/images/service/05.png]
[iqonic.design/themes/profyl/pre-built/doctor/images/service/06.png]
[iqonic.design/themes/profyl/pre-built/doctor/images/service/03.png]
[iqonic.design/themes/profyl/pre-built/doctor/images/service/04.png]
[iqonic.design/themes/profyl/pre-built/doctor/images/service/07.png]
[iqonic.design/themes/profyl/pre-built/doctor/images/service/08.png]
[iqonic.design/themes/profyl/pre-built/doctor/images/service/02.png]
[iqonic.design/themes/profyl/pre-built/doctor/images/testimonial/01.jpg]
[iqonic.design/themes/profyl/pre-built/doctor/images/testimonial/02.jpg]
[iqonic.design/themes/profyl/pre-built/doctor/images/testimonial/03.jpg]
[iqonic.design/themes/profyl/pre-built/doctor/images/clients/01.png]
[iqonic.design/themes/profyl/pre-built/doctor/images/clients/02.png]
[iqonic.design/themes/profyl/pre-built/doctor/images/clients/03.png]
[iqonic.design/themes/profyl/pre-built/doctor/images/clients/04.png]
[iqonic.design/themes/profyl/pre-built/doctor/images/clients/05.png]
[iqonic.design/themes/profyl/pre-built/doctor/images/clients/06.png]
[iqonic.design/themes/profyl/pre-built/doctor/images/clients/07.png]
[iqonic.design/themes/profyl/pre-built/doctor/images/blog/01.jpg]
[iqonic.design/themes/profyl/pre-built/doctor/js/jquery-min.js]
[iqonic.design/themes/profyl/pre-built/doctor/js/popper.min.js]
[iqonic.design/themes/profyl/pre-built/doctor/js/bootstrap.min.js]
[iqonic.design/themes/profyl/pre-built/doctor/js/jquery.appear.js]
[iqonic.design/themes/profyl/pre-built/doctor/js/owl-carousel/owl.carousel.min.js]
[iqonic.design/themes/profyl/pre-built/doctor/js/jquery.typer.js]
[iqonic.design/themes/profyl/pre-built/doctor/js/isotope.pkgd.min.js]
[iqonic.design/themes/profyl/pre-built/doctor/js/magnific-popup/jquery.magnific-popup.min.js]
[iqonic.design/themes/profyl/pre-built/doctor/js/jquery.nicescroll.min.js]
[iqonic.design/themes/profyl/pre-built/doctor/js/retina.min.js]
[iqonic.design/themes/profyl/pre-built/doctor/js/custom.js]
[iqonic.design/themes/profyl/pre-built/doctor/services.html]
[iqonic.design/themes/profyl/pre-built/doctor/css/bootstrap.min.css]
[iqonic.design/themes/profyl/pre-built/doctor/fonts/themify9f24.eot]
[iqonic.design/themes/profyl/pre-built/doctor/fonts/themifyd41d.eot]
[iqonic.design/themes/profyl/pre-built/doctor/fonts/themify9f24.woff]
[iqonic.design/themes/profyl/pre-built/doctor/fonts/themify9f24.ttf]
[iqonic.design/themes/profyl/pre-built/doctor/css/themify-icons.css]
[iqonic.design/themes/profyl/pre-built/doctor/fonts/themify9f24.svg]
[iqonic.design/themes/profyl/pre-built/doctor/fonts/fontawesome-webfont3e6e.eot]
[iqonic.design/themes/profyl/pre-built/doctor/fonts/fontawesome-webfontd41d.eot]
[iqonic.design/themes/profyl/pre-built/doctor/fonts/fontawesome-webfont3e6e.ttf]
[iqonic.design/themes/profyl/pre-built/doctor/css/font-awesome.min.css]
[iqonic.design/themes/profyl/pre-built/doctor/css/magnific-popup/magnific-popup.css]
[iqonic.design/themes/profyl/pre-built/doctor/css/owl-carousel/owl.carousel.css]
[iqonic.design/themes/profyl/pre-built/doctor/css/style.css]
[iqonic.design/themes/profyl/pre-built/doctor/css/responsive.css]
[iqonic.design/themes/profyl/pre-built/doctor/css/custom.css]
[iqonic.design/themes/profyl/pre-built/doctor/css/owl-carousel/owl.video.play.html]
[iqonic.design/themes/profyl/pre-built/doctor/fonts/fontawesome-webfont3e6e.woff]
[iqonic.design/themes/profyl/pre-built/doctor/images/me.jpg]
[iqonic.design/themes/profyl/pre-built/doctor/index.html]
[iqonic.design/themes/profyl/pre-built/doctor/fonts/fontawesome-webfont3e6e.svg]
[iqonic.design/themes/profyl/pre-built/doctor/images/me2.jpg]
[iqonic.design/themes/profyl/pre-built/doctor/about-us.html]
[iqonic.design/themes/profyl/pre-built/doctor/resume.html]
[iqonic.design/cdn-cgi/scripts/5c5dd728/cloudflare-static/email-decode.min.js]
[iqonic.design/themes/profyl/pre-built/doctor/images/portfolio/01.jpg]
[iqonic.design/themes/profyl/pre-built/doctor/images/portfolio/02.jpg]
[iqonic.design/themes/profyl/pre-built/doctor/images/portfolio/03.jpg]
[iqonic.design/themes/profyl/pre-built/doctor/images/portfolio/04.jpg]
[iqonic.design/themes/profyl/pre-built/doctor/images/portfolio/05.jpg]
[iqonic.design/themes/profyl/pre-built/doctor/images/portfolio/06.jpg]
[iqonic.design/themes/profyl/pre-built/doctor/images/portfolio/07.jpg]
[iqonic.design/themes/profyl/pre-built/doctor/images/portfolio/08.jpg]
[iqonic.design/themes/profyl/pre-built/doctor/portfolio.html]
[iqonic.design/themes/profyl/pre-built/doctor/blog-single.html]
[iqonic.design/themes/profyl/pre-built/doctor/images/blog/02.jpg]
[iqonic.design/themes/profyl/pre-built/doctor/images/blog/03.jpg]
[iqonic.design/themes/profyl/pre-built/doctor/images/blog/05.jpg]
[iqonic.design/themes/profyl/pre-built/doctor/images/blog/06.jpg]
[iqonic.design/themes/profyl/pre-built/doctor/images/blog/07.jpg]
[iqonic.design/themes/profyl/pre-built/doctor/blog.html]
[iqonic.design/themes/profyl/pre-built/doctor/contact-us.html]
[iqonic.design/themes/profyl/pre-built/doctor/fonts/themify9f24.svg]
[iqonic.design/themes/profyl/pre-built/doctor/fonts/fontawesome-webfont3e6e.html]
[iqonic.design/themes/profyl/pre-built/doctor/fonts/fontawesome-webfont3e6e.svg]
[iqonic.design/themes/profyl/pre-built/doctor/css/owl-carousel/owl.video.play.html]
[iqonic.design/themes/profyl/pre-built/doctor/images/ajax-loader.html]
[iqonic.design/themes/profyl/pre-built/doctor/blog-single.html]
[iqonic.design/themes/profyl/pre-built/doctor/images/ajax-loader.html]
